// Vitest Snapshot v1, https://vitest.dev/guide/snapshot.html

exports[`Index page > renders correctly 1`] = `null`;
