// Vitest Snapshot v1, https://vitest.dev/guide/snapshot.html

exports[`Banner > matches snapshot 1`] = `
<div>
  <div
    class="bg-gradient-to-r from-[#0E002A] via-[#240b50] to-[#9a227a] py-5 w-full shadow-lg transition-opacity duration-700 opacity-100"
  >
    <div
      class="container mx-auto px-4"
    >
      <div
        class="flex flex-col md:flex-row justify-between items-center relative"
      >
        <button
          aria-label="Dismiss banner"
          class="absolute top-0 right-0 md:top-[-8px] md:right-[-8px] p-2 text-gray-300 hover:text-white transition-colors duration-200 group"
        >
          <svg
            class="h-5 w-5 group-hover:scale-110 transition-transform duration-200"
            fill="none"
            stroke="currentColor"
            viewBox="0 0 24 24"
            xmlns="http://www.w3.org/2000/svg"
          >
            <path
              d="M6 18L18 6M6 6l12 12"
              stroke-linecap="round"
              stroke-linejoin="round"
              stroke-width="2"
            />
          </svg>
        </button>
        <div
          class="flex items-center gap-4 mb-3 md:mb-0 pr-8"
        >
          <div
            class="transform hover:scale-110 transition-transform duration-300"
          >
            <svg
              fill="none"
              height="14"
              viewBox="0 0 14 14"
              width="14"
              xmlns="http://www.w3.org/2000/svg"
            >
              <rect
                fill="#FF1464"
                height="8"
                rx="2"
                width="8"
                x="3"
                y="3"
              />
              <rect
                height="11"
                rx="3.5"
                stroke="#FF1464"
                stroke-opacity="0.25"
                stroke-width="3"
                width="11"
                x="1.5"
                y="1.5"
              />
            </svg>
          </div>
          <div>
            <h2
              class="text-[16px] md:text-[18px] font-extrabold text-white leading-tight"
            >
              <span
                class="text-primary"
              >
                Register for the Adoptium Summit 2025
              </span>
            </h2>
            <p
              class="text-[14px] text-gray-200 mt-1 max-w-2xl"
            >
              Be a part of the second edition of the Adoptium Summit on October 01. Connect with peers to exchange knowledge on Temurin, AQAvit, Migration toolkit, Secure Work and other Adoptium's projects.
            </p>
          </div>
        </div>
        <div
          class="mt-2 md:mt-0"
        >
          <a
            class="px-6 py-2 bg-primary hover:bg-primary-dark text-white font-bold rounded-full transform transition-transform duration-300 hover:scale-105 hover:shadow-xl inline-flex items-center group"
            href="https://hubs.la/Q03C6qBW0"
          >
            Register today!
            <svg
              class="h-5 w-5 ml-2 group-hover:translate-x-1 transition-transform"
              fill="none"
              stroke="currentColor"
              viewBox="0 0 24 24"
              xmlns="http://www.w3.org/2000/svg"
            >
              <path
                d="M14 5l7 7m0 0l-7 7m7-7H3"
                stroke-linecap="round"
                stroke-linejoin="round"
                stroke-width="2"
              />
            </svg>
          </a>
        </div>
      </div>
    </div>
  </div>
</div>
`;
