// Vitest Snapshot v1, https://vitest.dev/guide/snapshot.html

exports[`LineChart > matches snapshot 1`] = `
<div
  class="chart"
>
  <div
    data-highcharts-chart="0"
    style="overflow: hidden;"
  >
    <div
      class="highcharts-container "
      dir="ltr"
      id="highcharts-0"
      style="position: relative; overflow: hidden; width: 600px; height: 400px; text-align: left; line-height: normal; z-index: 0; user-select: none; outline: none; padding: 0px; font-family: inherit;"
    >
      <svg
        aria-label="Test Line Chart"
        class="highcharts-root"
        height="400"
        role="img"
        style="font-family: inherit; font-size: 1rem;"
        version="1.1"
        viewBox="0 0 600 400"
        width="600"
        xmlns="http://www.w3.org/2000/svg"
      >
        <desc>
          Created with Highcharts 12.4.0
        </desc>
        <defs>
          <filter
            id="highcharts-drop-shadow-0"
          >
            <fedropshadow
              dx="1"
              dy="1"
              flood-color="#000000"
              flood-opacity="0.75"
              stdDeviation="2.5"
            />
          </filter>
          <clippath
            id="highcharts-10-"
          >
            <rect
              fill="none"
              height="NaNNaN"
              width="NaNNaN"
              x="0"
              y="0"
            />
          </clippath>
          <clippath
            id="highcharts-11-"
          >
            <rect
              class="highcharts-animating"
              fill="none"
              height="NaN"
              width="NaN"
              x="0"
              y="0"
            />
          </clippath>
          <clippath
            id="highcharts-12-"
          >
            <rect
              fill="none"
              height="NaN"
              width="NaN"
              x="-99"
              y="-99"
            />
          </clippath>
        </defs>
        <rect
          class="highcharts-background"
          fill="transparent"
          filter="none"
          height="400"
          rx="0"
          ry="0"
          width="600"
          x="0"
          y="0"
        />
        <rect
          class="highcharts-plot-background"
          fill="none"
          filter="none"
          height="NaN"
          width="NaN"
          x="NaN"
          y="10"
        />
        <g
          class="highcharts-grid highcharts-xaxis-grid"
          data-z-index="1"
        >
          <path
            class="highcharts-grid-line"
            d="M 0 0"
            data-z-index="1"
            fill="none"
            opacity="1"
            stroke="#e6e6e6"
            stroke-dasharray="none"
            stroke-width="0"
          />
          <path
            class="highcharts-grid-line"
            d="M 0 0"
            data-z-index="1"
            fill="none"
            opacity="1"
            stroke="#e6e6e6"
            stroke-dasharray="none"
            stroke-width="0"
          />
          <path
            class="highcharts-grid-line"
            d="M 0 0"
            data-z-index="1"
            fill="none"
            opacity="1"
            stroke="#e6e6e6"
            stroke-dasharray="none"
            stroke-width="0"
          />
          <path
            class="highcharts-grid-line"
            d="M 0 0"
            data-z-index="1"
            fill="none"
            opacity="1"
            stroke="#e6e6e6"
            stroke-dasharray="none"
            stroke-width="0"
          />
        </g>
        <g
          class="highcharts-grid highcharts-yaxis-grid"
          data-z-index="1"
        />
        <rect
          class="highcharts-plot-border"
          data-z-index="1"
          fill="none"
          height="0"
          stroke="#cccccc"
          stroke-width="0"
          width="0"
          x="0"
          y="10"
        />
        <g
          class="highcharts-axis highcharts-xaxis"
          data-z-index="2"
        >
          <path
            class="highcharts-axis-line"
            d="M 0 0"
            data-z-index="7"
            fill="none"
            stroke="rgba(255,255,255,0.2)"
            stroke-width="1"
          />
        </g>
        <g
          class="highcharts-axis highcharts-yaxis"
          data-z-index="2"
        >
          <text
            class="highcharts-axis-title"
            data-z-index="7"
            style="font-size: 1rem; font-weight: bold; fill: #fff;"
            text-anchor="middle"
            transform="translate(0,0) rotate(270 NaN NaN)"
            x="NaN"
            y="NaN"
          >
            Downloads
          </text>
          <path
            class="highcharts-axis-line"
            d="M 0 0"
            data-z-index="7"
            fill="none"
            stroke="#333333"
            stroke-width="0"
          />
        </g>
        <g
          class="highcharts-series-group"
          data-z-index="3"
          filter="none"
        >
          <g
            class="highcharts-series highcharts-series-0 highcharts-line-series highcharts-color-0"
            clip-path="url(#highcharts-11-)"
            data-z-index="0.1"
            opacity="1"
            transform="translate(NaN,10) scale(1 1)"
          />
          <g
            class="highcharts-markers highcharts-series-0 highcharts-line-series highcharts-color-0"
            clip-path="url(#highcharts-12-)"
            data-z-index="0.1"
            opacity="1"
            transform="translate(NaN,10) scale(1 1)"
          />
          <g
            class="highcharts-series highcharts-series-1 highcharts-line-series highcharts-color-1"
            clip-path="url(#highcharts-11-)"
            data-z-index="0.1"
            opacity="1"
            transform="translate(NaN,10) scale(1 1)"
          />
          <g
            class="highcharts-markers highcharts-series-1 highcharts-line-series highcharts-color-1"
            clip-path="url(#highcharts-12-)"
            data-z-index="0.1"
            opacity="1"
            transform="translate(NaN,10) scale(1 1)"
          />
        </g>
        <text
          class="highcharts-title"
          data-z-index="4"
          style="font-size: 1.25rem; font-weight: bold; fill: #fff;"
          text-align="center"
          text-anchor="middle"
          transform="translate(0,0) scale(1 1)"
          transform-origin="10 4"
          x="300"
          y="10"
        >
          Test Line Chart
        </text>
        <text
          class="highcharts-caption"
          data-z-index="4"
          style="font-size: 0.8em; fill: #666666;"
          text-align="left"
          text-anchor="start"
          transform="translate(0,0) scale(1 1)"
          transform-origin="10 3"
          x="10"
          y="387"
        />
        <g
          class="highcharts-datalabels-group"
          data-z-index="6"
        >
          <g
            class="highcharts-data-labels highcharts-series-0 highcharts-line-series highcharts-color-0"
            data-z-index="6"
            opacity="0"
            transform="translate(NaN,10) scale(1 1)"
          >
            <g
              class="highcharts-label highcharts-data-label highcharts-data-label-color-0"
              data-z-index="1"
              filter="none"
              transform="translate(0,0)"
              visibility="hidden"
            >
              <text
                data-z-index="1"
                style="font-size: 0.7em; font-weight: bold; fill: #fff;"
                x="NaN"
                y="7"
              >
                1
              </text>
            </g>
            <g
              class="highcharts-label highcharts-data-label highcharts-data-label-color-0"
              data-z-index="1"
              filter="none"
              transform="translate(0,0)"
              visibility="hidden"
            >
              <text
                data-z-index="1"
                style="font-size: 0.7em; font-weight: bold; fill: #fff;"
                x="NaN"
                y="7"
              >
                2
              </text>
            </g>
            <g
              class="highcharts-label highcharts-data-label highcharts-data-label-color-0"
              data-z-index="1"
              filter="none"
              transform="translate(0,0)"
              visibility="hidden"
            >
              <text
                data-z-index="1"
                style="font-size: 0.7em; font-weight: bold; fill: #fff;"
                x="NaN"
                y="7"
              >
                3
              </text>
            </g>
          </g>
          <g
            class="highcharts-data-labels highcharts-series-1 highcharts-line-series highcharts-color-1"
            data-z-index="6"
            opacity="0"
            transform="translate(NaN,10) scale(1 1)"
          >
            <g
              class="highcharts-label highcharts-data-label highcharts-data-label-color-1"
              data-z-index="1"
              filter="none"
              transform="translate(0,0)"
              visibility="hidden"
            >
              <text
                data-z-index="1"
                style="font-size: 0.7em; font-weight: bold; fill: #fff;"
                x="NaN"
                y="7"
              >
                4
              </text>
            </g>
            <g
              class="highcharts-label highcharts-data-label highcharts-data-label-color-1"
              data-z-index="1"
              filter="none"
              transform="translate(0,0)"
              visibility="hidden"
            >
              <text
                data-z-index="1"
                style="font-size: 0.7em; font-weight: bold; fill: #fff;"
                x="NaN"
                y="7"
              >
                5
              </text>
            </g>
            <g
              class="highcharts-label highcharts-data-label highcharts-data-label-color-1"
              data-z-index="1"
              filter="none"
              transform="translate(0,0)"
              visibility="hidden"
            >
              <text
                data-z-index="1"
                style="font-size: 0.7em; font-weight: bold; fill: #fff;"
                x="NaN"
                y="7"
              >
                6
              </text>
            </g>
          </g>
        </g>
        <g
          class="highcharts-legend highcharts-no-tooltip"
          data-z-index="7"
          text-align="center"
          transform="translate(300,367)"
        >
          <rect
            class="highcharts-legend-box"
            fill="none"
            filter="none"
            rx="0"
            ry="0"
            stroke="#999999"
            stroke-width="0"
          />
          <g
            data-z-index="1"
          >
            <g>
              <g
                class="highcharts-legend-item highcharts-line-series highcharts-color-0 highcharts-series-0"
                data-z-index="1"
                transform="translate(8,3)"
              >
                <path
                  class="highcharts-graph"
                  d="M 1 4 L 15 4"
                  fill="none"
                  stroke="#2caffe"
                  stroke-linecap="round"
                  stroke-width="2"
                />
                <path
                  class="highcharts-point"
                  d="M 8 4 A 0 0 0 1 1 8 4 Z"
                  fill="#fff"
                  opacity="1"
                  stroke="#6ba4e7"
                  stroke-width="0"
                />
                <text
                  data-z-index="2"
                  style="cursor: pointer; font-size: 0.8em; text-decoration: none; fill: #333333;"
                  text-anchor="start"
                  x="21"
                  y="5"
                >
                  A
                </text>
              </g>
              <g
                class="highcharts-legend-item highcharts-line-series highcharts-color-1 highcharts-series-1"
                data-z-index="1"
                transform="translate(NaN,3)"
              >
                <path
                  class="highcharts-graph"
                  d="M 1 4 L 15 4"
                  fill="none"
                  stroke="#544fc5"
                  stroke-linecap="round"
                  stroke-width="2"
                />
                <path
                  class="highcharts-point"
                  d="M 8 4 L 8 4 L 8 4 L 8 4 Z"
                  fill="#fff"
                  opacity="1"
                  stroke="#6ba4e7"
                  stroke-width="0"
                />
                <text
                  data-z-index="2"
                  style="cursor: pointer; font-size: 0.8em; text-decoration: none; fill: #333333;"
                  text-anchor="start"
                  x="21"
                  y="5"
                >
                  B
                </text>
              </g>
            </g>
          </g>
        </g>
        <g
          class="highcharts-axis-labels highcharts-xaxis-labels"
          data-z-index="7"
        >
          <text
            style="cursor: default; font-size: 1rem; font-weight: bold; fill: #fff;"
            x="0"
          >
            x
          </text>
          <text
            style="cursor: default; font-size: 1rem; font-weight: bold; fill: #fff;"
            text-anchor="middle"
            transform="translate(0,0)"
            x="0"
          >
            Jan
          </text>
          <text
            style="cursor: default; font-size: 1rem; font-weight: bold; fill: #fff;"
            text-anchor="middle"
            transform="translate(0,0)"
            x="0"
          >
            Feb
          </text>
          <text
            style="cursor: default; font-size: 1rem; font-weight: bold; fill: #fff;"
            text-anchor="middle"
            transform="translate(0,0)"
            x="0"
          >
            Mar
          </text>
        </g>
        <g
          class="highcharts-axis-labels highcharts-yaxis-labels"
          data-z-index="7"
        />
        <text
          class="highcharts-credits"
          data-z-index="8"
          style="cursor: pointer; font-size: 0.6em; fill: #999999;"
          text-align="right"
          text-anchor="end"
          x="590"
          y="395"
        >
          Highcharts.com
        </text>
      </svg>
      <span
        class="highcharts-subtitle"
        data-z-index="4"
        style="position: absolute; font-family: inherit; font-size: 0.8em; white-space: nowrap; text-overflow: ellipsis; overflow: hidden; margin-left: 0px; margin-top: 0px; left: 300px; top: 8px; text-align: center; transform-origin: 0px 2px; color: rgb(189, 189, 189); transform: scale(1,1);"
        text-align="center"
        transform-origin="10 3"
      >
        Data is from: 
        <a
          href="https://api.adoptium.net/v3/stats/downloads/tracking"
          rel="noopener noreferrer"
          style="color: rgb(255, 255, 255); text-decoration: underline;"
          target="_blank"
        >
          api.adoptium.net/v3/stats/downloads/tracking
        </a>
      </span>
    </div>
  </div>
</div>
`;
