// Vitest Snapshot v1, https://vitest.dev/guide/snapshot.html

exports[`Members page > renders correctly 1`] = `
<div>
  <div
    class="relative pt-20 pb-8 md:pb-16 md:pt-32 overflow-hidden"
  >
    <div
      class="w-full relative"
    >
      <div
        class="absolute z-[-1] w-[2396px] h-[1340px] left-[23px] md:left-[112px] top-[21px] md:top-[71px] bg-[#410170] shadow-[0_0_400px_rgba(65,1,112,1)] rounded-full blur-[400px]"
      />
      <div
        class="absolute z-[-1] w-[1487px] h-[893px] left-[120px] md:left-[676px] top-[60px] md:top-[195px] bg-[#B62987] shadow-[0_0_400px_rgba(182,41,135,1)] rounded-full blur-[400px]"
      />
      <div
        class="absolute z-[-1] w-[688px] h-[446px] left-[400px] md:left-[1131px] top-[318px] bg-[#FE8492] shadow-[0_0_400px_rgba(254,132,146,1)] rounded-full blur-[400px]"
      />
    </div>
    <div
      class="mx-auto max-w-[1048px] w-full px-6 lg:px-0 flex flex-col items-center justify-center"
    >
      <div
        class="self-stretch flex-col justify-center items-center gap-6 flex"
      >
        <div
          class="self-stretch flex-col justify-center items-center gap-4 flex"
        >
          <div
            class="justify-start items-center gap-3 inline-flex"
          >
            <svg
              fill="none"
              height="14"
              viewBox="0 0 14 14"
              width="14"
              xmlns="http://www.w3.org/2000/svg"
            >
              <rect
                fill="#FF1464"
                height="8"
                rx="2"
                width="8"
                x="3"
                y="3"
              />
              <rect
                height="11"
                rx="3.5"
                stroke="#FF1464"
                stroke-opacity="0.25"
                stroke-width="3"
                width="11"
                x="1.5"
                y="1.5"
              />
            </svg>
            <div
              class="text-rose-600 text-base font-bold leading-normal"
            >
              Our Members
            </div>
          </div>
          <div
            class="self-stretch text-center text-white text-[56px] lg:text-[80px] leading-[114.286%] md:leading-[120%] font-semibold"
          >
            Who we work with
          </div>
        </div>
        <div
          class="self-stretch text-center text-lightgrey text-[20px] font-normal leading-[140%] undefined"
        >
          Eclipse Temurin offers high-performance, cross-platform, open-source Java runtime binaries that are enterprise-ready and Java SE TCK-tested for general use in the Java ecosystem.
        </div>
        <div
          class="flex flex-col sm:flex-row justify-center items-center gap-4 mt-6"
        >
          <a
            class="w-full sm:w-auto"
            href="/join"
          >
            <button
              class="w-full px-8 py-4 rounded-full bg-gradient-to-r from-pink-500 to-pink-600 hover:from-pink-600 hover:to-pink-700 text-white font-bold text-lg shadow-lg hover:shadow-xl shadow-pink-500/30 hover:shadow-pink-500/40 transform hover:-translate-y-1 transition-all duration-300 flex items-center justify-center gap-2"
            >
              Join us
            </button>
          </a>
          <a
            class="w-full sm:w-auto"
            href="#strategic-sec"
          >
            <button
              class="w-full px-8 py-4 rounded-full border-2 border-white text-white hover:bg-pink-500 hover:text-white font-bold text-lg transition-all duration-300 flex items-center justify-center gap-2"
            >
              Our Members
            </button>
          </a>
        </div>
      </div>
    </div>
  </div>
  <div
    class="p-4 border-t border-[#39314a] mt-[60px] pt-[40px] md:pt-[80px] w-full"
  >
    <h2
      class="text-center text-4xl lg:text-5xl leading-[44px] lg:leading-[56px] font-semibold text-white-900"
    >
      Why Join Adoptium?
    </h2>
    <p
      class="text-[16px] text-[#c4bfce] p-6 max-w-[900px] text-center mx-auto mt-6 leading-relaxed"
    >
      The Adoptium Working Group brings together organizations to shape the future of Java by collaborating on the delivery of high-quality, TCK-certified OpenJDK binaries through Eclipse Temurin. As a member, your organization gains strategic influence, community leadership opportunities, and a voice in driving long-term innovation across the Java ecosystem.
    </p>
    <div
      class="grid grid-cols-1 md:grid-cols-2 lg:grid-cols-3 gap-6 w-full item-center mt-10 p-4 mx-auto max-w-[1180px]"
    >
      <div
        class="relative max-w-[382px] w-full"
        id="card-container-0"
      >
        <input
          class="peer hidden"
          id="toggle-0"
          type="checkbox"
        />
        <span
          class="hidden lg:peer-checked:hidden lg:block absolute bottom-[10px] right-[20px] text-[#ff1464]"
        >
          +
        </span>
        <div
          class="relative transform  false  group h-[212px] w-full border-[1px] border-[#39314a] hover:border-[#ff1464]/40 rounded-[20px] cursor-pointer overflow-visible transition-all duration-300 lg:peer-checked:border-[#ff1464]/70 lg:peer-checked:border-b-0 lg:peer-checked:rounded-bl-none lg:peer-checked:rounded-br-none bg-gradient-to-b from-[#1e1133]/60 to-[#0d0129]/60 lg:peer-checked:backdrop-blur-sm shadow-lg hover:shadow-[#ff1464]/5"
        >
          <label
            for="toggle-0"
          >
            <div
              class="flex flex-col justify-center items-center gap-6 h-full cursor-pointer p-6"
            >
              <div
                class="bg-gradient-to-br from-[#281645] to-[#39194d] p-4 rounded-full"
              >
                <img
                  alt=""
                  aria-hidden="true"
                  class="mb-0 w-16 h-16"
                  data-nimg="1"
                  decoding="async"
                  height="64"
                  loading="lazy"
                  src="/images/initiatives/lead.svg"
                  style="color: transparent;"
                  width="64"
                />
              </div>
              <h3
                class="text-2xl font-medium text-center px-4 text-white"
              >
                Lead the Future of Java
              </h3>
            </div>
          </label>
        </div>
        <div
          class="hidden transform false lg:peer-checked:block absolute backdrop-blur-xl h-auto min-h-[236px] top-full left-0 w-full mt-[-1px] border-[1px] border-t-0 border-[#ff1464]/70 rounded-b-[20px] z-10 p-6 bg-gradient-to-b from-[#1e1133]/60 to-[#0d0129]/60 shadow-lg shadow-[#ff1464]/10"
        >
          <div
            class="text-white text-sm px-4 text-center leading-relaxed"
          >
            <ul
              class="list-disc list-inside space-y-2 text-left"
            >
              <li>
                Define the technical vision and shape the roadmap of the most widely adopted OpenJDK builds.
              </li>
              <li>
                Influence strategic decisions on default settings, security responses, and platform configurations.
              </li>
              <li>
                Align project priorities with your own by contributing to test suites, developer engagement, version support, and key metrics.
              </li>
            </ul>
          </div>
          <span
            class="absolute bottom-[10px] right-[20px] text-[#ff1464]"
          >
            _
          </span>
        </div>
      </div>
      <div
        class="relative max-w-[382px] w-full"
        id="card-container-1"
      >
        <input
          class="peer hidden"
          id="toggle-1"
          type="checkbox"
        />
        <span
          class="hidden lg:peer-checked:hidden lg:block absolute bottom-[10px] right-[20px] text-[#ff1464]"
        >
          +
        </span>
        <div
          class="relative transform  false  group h-[212px] w-full border-[1px] border-[#39314a] hover:border-[#ff1464]/40 rounded-[20px] cursor-pointer overflow-visible transition-all duration-300 lg:peer-checked:border-[#ff1464]/70 lg:peer-checked:border-b-0 lg:peer-checked:rounded-bl-none lg:peer-checked:rounded-br-none bg-gradient-to-b from-[#1e1133]/60 to-[#0d0129]/60 lg:peer-checked:backdrop-blur-sm shadow-lg hover:shadow-[#ff1464]/5"
        >
          <label
            for="toggle-1"
          >
            <div
              class="flex flex-col justify-center items-center gap-6 h-full cursor-pointer p-6"
            >
              <div
                class="bg-gradient-to-br from-[#281645] to-[#39194d] p-4 rounded-full"
              >
                <img
                  alt=""
                  aria-hidden="true"
                  class="mb-0 w-16 h-16"
                  data-nimg="1"
                  decoding="async"
                  height="64"
                  loading="lazy"
                  src="/images/initiatives/strengthen.svg"
                  style="color: transparent;"
                  width="64"
                />
              </div>
              <h3
                class="text-2xl font-medium text-center px-4 text-white"
              >
                Strengthen Your Open Source Strategy
              </h3>
            </div>
          </label>
        </div>
        <div
          class="hidden transform false lg:peer-checked:block absolute backdrop-blur-xl h-auto min-h-[236px] top-full left-0 w-full mt-[-1px] border-[1px] border-t-0 border-[#ff1464]/70 rounded-b-[20px] z-10 p-6 bg-gradient-to-b from-[#1e1133]/60 to-[#0d0129]/60 shadow-lg shadow-[#ff1464]/10"
        >
          <div
            class="text-white text-sm px-4 text-center leading-relaxed"
          >
            <ul
              class="list-disc list-inside space-y-2 text-left"
            >
              <li>
                Join a global, innovative open source ecosystem committed to improving Java for enterprise use.
              </li>
              <li>
                Benefit from stable licensing, predictable development frameworks, and open collaboration.
              </li>
              <li>
                Gain the support of a thriving community to evolve your open source practices.
              </li>
            </ul>
          </div>
          <span
            class="absolute bottom-[10px] right-[20px] text-[#ff1464]"
          >
            _
          </span>
        </div>
      </div>
      <div
        class="relative max-w-[382px] w-full"
        id="card-container-2"
      >
        <input
          class="peer hidden"
          id="toggle-2"
          type="checkbox"
        />
        <span
          class="hidden lg:peer-checked:hidden lg:block absolute bottom-[10px] right-[20px] text-[#ff1464]"
        >
          +
        </span>
        <div
          class="relative transform  false  group h-[212px] w-full border-[1px] border-[#39314a] hover:border-[#ff1464]/40 rounded-[20px] cursor-pointer overflow-visible transition-all duration-300 lg:peer-checked:border-[#ff1464]/70 lg:peer-checked:border-b-0 lg:peer-checked:rounded-bl-none lg:peer-checked:rounded-br-none bg-gradient-to-b from-[#1e1133]/60 to-[#0d0129]/60 lg:peer-checked:backdrop-blur-sm shadow-lg hover:shadow-[#ff1464]/5"
        >
          <label
            for="toggle-2"
          >
            <div
              class="flex flex-col justify-center items-center gap-6 h-full cursor-pointer p-6"
            >
              <div
                class="bg-gradient-to-br from-[#281645] to-[#39194d] p-4 rounded-full"
              >
                <img
                  alt=""
                  aria-hidden="true"
                  class="mb-0 w-16 h-16"
                  data-nimg="1"
                  decoding="async"
                  height="64"
                  loading="lazy"
                  src="/images/initiatives/governance.svg"
                  style="color: transparent;"
                  width="64"
                />
              </div>
              <h3
                class="text-2xl font-medium text-center px-4 text-white"
              >
                Rely on Open, Vendor-Neutral Governance
              </h3>
            </div>
          </label>
        </div>
        <div
          class="hidden transform false lg:peer-checked:block absolute backdrop-blur-xl h-auto min-h-[236px] top-full left-0 w-full mt-[-1px] border-[1px] border-t-0 border-[#ff1464]/70 rounded-b-[20px] z-10 p-6 bg-gradient-to-b from-[#1e1133]/60 to-[#0d0129]/60 shadow-lg shadow-[#ff1464]/10"
        >
          <div
            class="text-white text-sm px-4 text-center leading-relaxed"
          >
            <ul
              class="list-disc list-inside space-y-2 text-left"
            >
              <li>
                Trust in transparent, community-led governance under the Eclipse Foundation.
              </li>
              <li>
                Ensure long-term stability and vendor neutrality to avoid lock-in and reduce operational risk.
              </li>
            </ul>
          </div>
          <span
            class="absolute bottom-[10px] right-[20px] text-[#ff1464]"
          >
            _
          </span>
        </div>
      </div>
      <div
        class="relative max-w-[382px] w-full"
        id="card-container-3"
      >
        <input
          class="peer hidden"
          id="toggle-3"
          type="checkbox"
        />
        <span
          class="hidden lg:peer-checked:hidden lg:block absolute bottom-[10px] right-[20px] text-[#ff1464]"
        >
          +
        </span>
        <div
          class="relative transform  lg:peer-checked:translate-y-[-236px]  group h-[212px] w-full border-[1px] border-[#39314a] hover:border-[#ff1464]/40 rounded-[20px] cursor-pointer overflow-visible transition-all duration-300 lg:peer-checked:border-[#ff1464]/70 lg:peer-checked:border-b-0 lg:peer-checked:rounded-bl-none lg:peer-checked:rounded-br-none bg-gradient-to-b from-[#1e1133]/60 to-[#0d0129]/60 lg:peer-checked:backdrop-blur-sm shadow-lg hover:shadow-[#ff1464]/5"
        >
          <label
            for="toggle-3"
          >
            <div
              class="flex flex-col justify-center items-center gap-6 h-full cursor-pointer p-6"
            >
              <div
                class="bg-gradient-to-br from-[#281645] to-[#39194d] p-4 rounded-full"
              >
                <img
                  alt=""
                  aria-hidden="true"
                  class="mb-0 w-16 h-16"
                  data-nimg="1"
                  decoding="async"
                  height="64"
                  loading="lazy"
                  src="/images/initiatives/community.svg"
                  style="color: transparent;"
                  width="64"
                />
              </div>
              <h3
                class="text-2xl font-medium text-center px-4 text-white"
              >
                Join the Leaders Driving Java Forward
              </h3>
            </div>
          </label>
        </div>
        <div
          class="hidden transform lg:peer-checked:translate-y-[-236px] lg:peer-checked:block absolute backdrop-blur-xl h-auto min-h-[236px] top-full left-0 w-full mt-[-1px] border-[1px] border-t-0 border-[#ff1464]/70 rounded-b-[20px] z-10 p-6 bg-gradient-to-b from-[#1e1133]/60 to-[#0d0129]/60 shadow-lg shadow-[#ff1464]/10"
        >
          <div
            class="text-white text-sm px-4 text-center leading-relaxed"
          >
            <ul
              class="list-disc list-inside space-y-2 text-left"
            >
              <li>
                Collaborate with leading Java vendors like Microsoft, Red Hat, IBM, Google, Alibaba, and Rivos.
              </li>
              <li>
                Ensure your enterprise use cases shape the future quality standards of Java.
              </li>
              <li>
                Engage directly with OpenJDK distributors to guide development and distribution.
              </li>
            </ul>
          </div>
          <span
            class="absolute bottom-[10px] right-[20px] text-[#ff1464]"
          >
            _
          </span>
        </div>
      </div>
      <div
        class="relative max-w-[382px] w-full"
        id="card-container-4"
      >
        <input
          class="peer hidden"
          id="toggle-4"
          type="checkbox"
        />
        <span
          class="hidden lg:peer-checked:hidden lg:block absolute bottom-[10px] right-[20px] text-[#ff1464]"
        >
          +
        </span>
        <div
          class="relative transform  lg:peer-checked:translate-y-[-236px]  group h-[212px] w-full border-[1px] border-[#39314a] hover:border-[#ff1464]/40 rounded-[20px] cursor-pointer overflow-visible transition-all duration-300 lg:peer-checked:border-[#ff1464]/70 lg:peer-checked:border-b-0 lg:peer-checked:rounded-bl-none lg:peer-checked:rounded-br-none bg-gradient-to-b from-[#1e1133]/60 to-[#0d0129]/60 lg:peer-checked:backdrop-blur-sm shadow-lg hover:shadow-[#ff1464]/5"
        >
          <label
            for="toggle-4"
          >
            <div
              class="flex flex-col justify-center items-center gap-6 h-full cursor-pointer p-6"
            >
              <div
                class="bg-gradient-to-br from-[#281645] to-[#39194d] p-4 rounded-full"
              >
                <img
                  alt=""
                  aria-hidden="true"
                  class="mb-0 w-16 h-16"
                  data-nimg="1"
                  decoding="async"
                  height="64"
                  loading="lazy"
                  src="/images/initiatives/cut.svg"
                  style="color: transparent;"
                  width="64"
                />
              </div>
              <h3
                class="text-2xl font-medium text-center px-4 text-white"
              >
                Cut Costs and Share Infrastructure
              </h3>
            </div>
          </label>
        </div>
        <div
          class="hidden transform lg:peer-checked:translate-y-[-236px] lg:peer-checked:block absolute backdrop-blur-xl h-auto min-h-[236px] top-full left-0 w-full mt-[-1px] border-[1px] border-t-0 border-[#ff1464]/70 rounded-b-[20px] z-10 p-6 bg-gradient-to-b from-[#1e1133]/60 to-[#0d0129]/60 shadow-lg shadow-[#ff1464]/10"
        >
          <div
            class="text-white text-sm px-4 text-center leading-relaxed"
          >
            <ul
              class="list-disc list-inside space-y-2 text-left"
            >
              <li>
                Share infrastructure costs and reduce duplication across build, test, and release pipelines.
              </li>
              <li>
                Improve delivery speed and operational efficiency through shared systems and practices.
              </li>
            </ul>
          </div>
          <span
            class="absolute bottom-[10px] right-[20px] text-[#ff1464]"
          >
            _
          </span>
        </div>
      </div>
      <div
        class="relative max-w-[382px] w-full"
        id="card-container-5"
      >
        <input
          class="peer hidden"
          id="toggle-5"
          type="checkbox"
        />
        <span
          class="hidden lg:peer-checked:hidden lg:block absolute bottom-[10px] right-[20px] text-[#ff1464]"
        >
          +
        </span>
        <div
          class="relative transform  lg:peer-checked:translate-y-[-236px]  group h-[212px] w-full border-[1px] border-[#39314a] hover:border-[#ff1464]/40 rounded-[20px] cursor-pointer overflow-visible transition-all duration-300 lg:peer-checked:border-[#ff1464]/70 lg:peer-checked:border-b-0 lg:peer-checked:rounded-bl-none lg:peer-checked:rounded-br-none bg-gradient-to-b from-[#1e1133]/60 to-[#0d0129]/60 lg:peer-checked:backdrop-blur-sm shadow-lg hover:shadow-[#ff1464]/5"
        >
          <label
            for="toggle-5"
          >
            <div
              class="flex flex-col justify-center items-center gap-6 h-full cursor-pointer p-6"
            >
              <div
                class="bg-gradient-to-br from-[#281645] to-[#39194d] p-4 rounded-full"
              >
                <img
                  alt=""
                  aria-hidden="true"
                  class="mb-0 w-16 h-16"
                  data-nimg="1"
                  decoding="async"
                  height="64"
                  loading="lazy"
                  src="/images/initiatives/narrative.svg"
                  style="color: transparent;"
                  width="64"
                />
              </div>
              <h3
                class="text-2xl font-medium text-center px-4 text-white"
              >
                Define the Narrative for Open Java
              </h3>
            </div>
          </label>
        </div>
        <div
          class="hidden transform lg:peer-checked:translate-y-[-236px] lg:peer-checked:block absolute backdrop-blur-xl h-auto min-h-[236px] top-full left-0 w-full mt-[-1px] border-[1px] border-t-0 border-[#ff1464]/70 rounded-b-[20px] z-10 p-6 bg-gradient-to-b from-[#1e1133]/60 to-[#0d0129]/60 shadow-lg shadow-[#ff1464]/10"
        >
          <div
            class="text-white text-sm px-4 text-center leading-relaxed"
          >
            <ul
              class="list-disc list-inside space-y-2 text-left"
            >
              <li>
                Shape the messaging, content, and marketing of Adoptium projects.
              </li>
              <li>
                Contribute to how Java is positioned for global enterprises and developer communities.
              </li>
            </ul>
          </div>
          <span
            class="absolute bottom-[10px] right-[20px] text-[#ff1464]"
          >
            _
          </span>
        </div>
      </div>
    </div>
  </div>
  <div
    class="flex flex-col sm:flex-row justify-center items-center gap-6 md:gap-8 my-12 px-4"
  >
    <div
      class="flex flex-col sm:flex-row gap-4"
    >
      <a
        href="/join"
      >
        <button
          class="bg-transparent mt-10 border-2 border-pink-500/0 text-white text-base  leading-6 font-normal w-[186px] h-[48px] rounded-[80px] gradient-border "
        >
          Contact Us
        </button>
      </a>
      <a
        href=""
      >
        <button
          class="bg-transparent mt-10 border-2 border-pink-500/0 text-white text-base  leading-6 font-normal w-[186px] h-[48px] rounded-[80px] gradient-border "
        >
          Download Prospectus
        </button>
      </a>
    </div>
  </div>
  <section
    class="py-16 px-4"
  >
    <div
      class="max-w-7xl mx-auto"
    >
      <div
        class="text-center mb-12"
      >
        <h2
          class="text-4xl md:text-5xl font-bold text-white mb-4"
        >
          Membership Levels
        </h2>
        <p
          class="text-lg text-grey max-w-3xl mx-auto leading-relaxed"
        >
          Choose the membership level that best fits your organization's needs and engagement with the Adoptium community.
        </p>
      </div>
      <div
        class="grid grid-cols-1 md:grid-cols-3 gap-8 max-w-6xl mx-auto"
      >
        <div
          class="relative bg-gradient-to-b from-[#1a0b2e] to-[#2d1b4e] rounded-2xl p-8 border transition-all duration-300 hover:scale-105 hover:shadow-2xl border-rose-600 shadow-lg shadow-rose-600/20"
        >
          <div
            class="text-center mb-6"
          >
            <h3
              class="text-2xl font-bold text-white mb-1"
            >
              Strategic
            </h3>
            <p
              class="text-lg text-rose-600 font-medium"
            >
              Member
            </p>
          </div>
          <div
            class="text-center mb-8"
          >
            <div
              class="text-3xl font-bold text-white mb-2"
            >
              $10,000 - $50,000
            </div>
            <p
              class="text-sm text-grey"
            >
              (Based on corporate revenue)
            </p>
          </div>
          <div
            class="space-y-4"
          >
            <div
              class="flex items-start gap-3"
            >
              <div
                class="flex-shrink-0 w-5 h-5 bg-gradient-to-r from-rose-500 to-rose-600 rounded-full flex items-center justify-center mt-0.5"
              >
                <svg
                  class="w-3 h-3 text-white"
                  fill="currentColor"
                  viewBox="0 0 20 20"
                >
                  <path
                    clip-rule="evenodd"
                    d="M16.707 5.293a1 1 0 010 1.414l-8 8a1 1 0 01-1.414 0l-4-4a1 1 0 011.414-1.414L8 12.586l7.293-7.293a1 1 0 011.414 0z"
                    fill-rule="evenodd"
                  />
                </svg>
              </div>
              <p
                class="text-white text-sm leading-relaxed"
              >
                Critical to their organization's future
              </p>
            </div>
            <div
              class="flex items-start gap-3"
            >
              <div
                class="flex-shrink-0 w-5 h-5 bg-gradient-to-r from-rose-500 to-rose-600 rounded-full flex items-center justify-center mt-0.5"
              >
                <svg
                  class="w-3 h-3 text-white"
                  fill="currentColor"
                  viewBox="0 0 20 20"
                >
                  <path
                    clip-rule="evenodd"
                    d="M16.707 5.293a1 1 0 010 1.414l-8 8a1 1 0 01-1.414 0l-4-4a1 1 0 011.414-1.414L8 12.586l7.293-7.293a1 1 0 011.414 0z"
                    fill-rule="evenodd"
                  />
                </svg>
              </div>
              <p
                class="text-white text-sm leading-relaxed"
              >
                Invest significant resources
              </p>
            </div>
            <div
              class="flex items-start gap-3"
            >
              <div
                class="flex-shrink-0 w-5 h-5 bg-gradient-to-r from-rose-500 to-rose-600 rounded-full flex items-center justify-center mt-0.5"
              >
                <svg
                  class="w-3 h-3 text-white"
                  fill="currentColor"
                  viewBox="0 0 20 20"
                >
                  <path
                    clip-rule="evenodd"
                    d="M16.707 5.293a1 1 0 010 1.414l-8 8a1 1 0 01-1.414 0l-4-4a1 1 0 011.414-1.414L8 12.586l7.293-7.293a1 1 0 011.414 0z"
                    fill-rule="evenodd"
                  />
                </svg>
              </div>
              <p
                class="text-white text-sm leading-relaxed"
              >
                Committees participation
              </p>
            </div>
            <div
              class="flex items-start gap-3"
            >
              <div
                class="flex-shrink-0 w-5 h-5 bg-gradient-to-r from-rose-500 to-rose-600 rounded-full flex items-center justify-center mt-0.5"
              >
                <svg
                  class="w-3 h-3 text-white"
                  fill="currentColor"
                  viewBox="0 0 20 20"
                >
                  <path
                    clip-rule="evenodd"
                    d="M16.707 5.293a1 1 0 010 1.414l-8 8a1 1 0 01-1.414 0l-4-4a1 1 0 011.414-1.414L8 12.586l7.293-7.293a1 1 0 011.414 0z"
                    fill-rule="evenodd"
                  />
                </svg>
              </div>
              <p
                class="text-white text-sm leading-relaxed"
              >
                Voting rights, high-level governance, influence roadmap
              </p>
            </div>
          </div>
        </div>
        <div
          class="relative bg-gradient-to-b from-[#1a0b2e] to-[#2d1b4e] rounded-2xl p-8 border transition-all duration-300 hover:scale-105 hover:shadow-2xl border-purple-600/30 hover:border-rose-600/50"
        >
          <div
            class="text-center mb-6"
          >
            <h3
              class="text-2xl font-bold text-white mb-1"
            >
              Enterprise
            </h3>
            <p
              class="text-lg text-rose-600 font-medium"
            >
              Member
            </p>
          </div>
          <div
            class="text-center mb-8"
          >
            <div
              class="text-3xl font-bold text-white mb-2"
            >
              $12,000 - $32,000
            </div>
            <p
              class="text-sm text-grey"
            >
              (Based on corporate revenue)
            </p>
          </div>
          <div
            class="space-y-4"
          >
            <div
              class="flex items-start gap-3"
            >
              <div
                class="flex-shrink-0 w-5 h-5 bg-gradient-to-r from-rose-500 to-rose-600 rounded-full flex items-center justify-center mt-0.5"
              >
                <svg
                  class="w-3 h-3 text-white"
                  fill="currentColor"
                  viewBox="0 0 20 20"
                >
                  <path
                    clip-rule="evenodd"
                    d="M16.707 5.293a1 1 0 010 1.414l-8 8a1 1 0 01-1.414 0l-4-4a1 1 0 011.414-1.414L8 12.586l7.293-7.293a1 1 0 011.414 0z"
                    fill-rule="evenodd"
                  />
                </svg>
              </div>
              <p
                class="text-white text-sm leading-relaxed"
              >
                Critical to business operations
              </p>
            </div>
            <div
              class="flex items-start gap-3"
            >
              <div
                class="flex-shrink-0 w-5 h-5 bg-gradient-to-r from-rose-500 to-rose-600 rounded-full flex items-center justify-center mt-0.5"
              >
                <svg
                  class="w-3 h-3 text-white"
                  fill="currentColor"
                  viewBox="0 0 20 20"
                >
                  <path
                    clip-rule="evenodd"
                    d="M16.707 5.293a1 1 0 010 1.414l-8 8a1 1 0 01-1.414 0l-4-4a1 1 0 011.414-1.414L8 12.586l7.293-7.293a1 1 0 011.414 0z"
                    fill-rule="evenodd"
                  />
                </svg>
              </div>
              <p
                class="text-white text-sm leading-relaxed"
              >
                Influence the direction of the ecosystem
              </p>
            </div>
          </div>
        </div>
        <div
          class="relative bg-gradient-to-b from-[#1a0b2e] to-[#2d1b4e] rounded-2xl p-8 border transition-all duration-300 hover:scale-105 hover:shadow-2xl border-purple-600/30 hover:border-rose-600/50"
        >
          <div
            class="text-center mb-6"
          >
            <h3
              class="text-2xl font-bold text-white mb-1"
            >
              Participant
            </h3>
            <p
              class="text-lg text-rose-600 font-medium"
            >
              Member
            </p>
          </div>
          <div
            class="text-center mb-8"
          >
            <div
              class="text-3xl font-bold text-white mb-2"
            >
              $0 - $15,000
            </div>
            <p
              class="text-sm text-grey"
            >
              (Based on corporate revenue)
            </p>
          </div>
          <div
            class="space-y-4"
          >
            <div
              class="flex items-start gap-3"
            >
              <div
                class="flex-shrink-0 w-5 h-5 bg-gradient-to-r from-rose-500 to-rose-600 rounded-full flex items-center justify-center mt-0.5"
              >
                <svg
                  class="w-3 h-3 text-white"
                  fill="currentColor"
                  viewBox="0 0 20 20"
                >
                  <path
                    clip-rule="evenodd"
                    d="M16.707 5.293a1 1 0 010 1.414l-8 8a1 1 0 01-1.414 0l-4-4a1 1 0 011.414-1.414L8 12.586l7.293-7.293a1 1 0 011.414 0z"
                    fill-rule="evenodd"
                  />
                </svg>
              </div>
              <p
                class="text-white text-sm leading-relaxed"
              >
                Adopts or builds on Adoptium technology
              </p>
            </div>
            <div
              class="flex items-start gap-3"
            >
              <div
                class="flex-shrink-0 w-5 h-5 bg-gradient-to-r from-rose-500 to-rose-600 rounded-full flex items-center justify-center mt-0.5"
              >
                <svg
                  class="w-3 h-3 text-white"
                  fill="currentColor"
                  viewBox="0 0 20 20"
                >
                  <path
                    clip-rule="evenodd"
                    d="M16.707 5.293a1 1 0 010 1.414l-8 8a1 1 0 01-1.414 0l-4-4a1 1 0 011.414-1.414L8 12.586l7.293-7.293a1 1 0 011.414 0z"
                    fill-rule="evenodd"
                  />
                </svg>
              </div>
              <p
                class="text-white text-sm leading-relaxed"
              >
                Ensures alignment with their needs
              </p>
            </div>
          </div>
        </div>
      </div>
      <div
        class="text-center mt-12"
      >
        <p
          class="text-grey mb-6"
        >
          Questions about membership levels? We're here to help you choose the right tier.
        </p>
        <a
          href="https://www.eclipse.org/org/workinggroups/adoptium-charter.php"
        >
          <button
            class="bg-transparent mt-10 border-2 border-pink-500/0 text-white text-base  leading-6 font-normal w-[186px] h-[48px] rounded-[80px] gradient-border "
          >
            Learn More
          </button>
        </a>
      </div>
    </div>
  </section>
  <div
    class="w-full px-3 pt-2 pb-4 mb-4"
  >
    <div
      class="max-w-4xl mx-auto overflow-x-auto scrollbar-hide"
    >
      <div
        class="flex space-x-4 md:space-x-10 whitespace-nowrap justify-center py-2 min-w-max"
      >
        <a
          href="#strategic-sec"
        >
          <span
            class="px-3 py-2 text-base md:text-lg font-medium leading-6
                  outline-none hover:text-white hover:border-b-2
                  hover:border-[#ff1464] text-[#8a809e] border-b-2
                  border-transparent cursor-pointer transition-all duration-200 ease-in-out"
          >
            Strategic Members
          </span>
        </a>
        <a
          href="#enterprise-sec"
        >
          <span
            class="px-3 py-2 text-base md:text-lg font-medium leading-6
                  outline-none hover:text-white hover:border-b-2
                  hover:border-[#ff1464] text-[#8a809e] border-b-2
                  border-transparent cursor-pointer transition-all duration-200 ease-in-out"
          >
            Enterprise Members
          </span>
        </a>
        <a
          href="#participant-sec"
        >
          <span
            class="px-3 py-2 text-base md:text-lg font-medium leading-6
                  outline-none hover:text-white hover:border-b-2
                  hover:border-[#ff1464] text-[#8a809e] border-b-2
                  border-transparent cursor-pointer transition-all duration-200 ease-in-out"
          >
            Participant Members
          </span>
        </a>
      </div>
    </div>
  </div>
  <div />
  <div />
  <div />
  <div
    class="flex flex-col sm:flex-row justify-center items-center gap-6 md:gap-8 my-12 px-4"
  >
    <p
      class="text-[20px] leading-[28px] text-white my-0 text-center"
    >
      Are you interested in becoming a member?
    </p>
    <a
      class="w-full sm:w-auto"
      href="/join"
    >
      <button
        class="w-full px-8 py-4 rounded-full bg-gradient-to-r from-pink-500 to-pink-600 hover:from-pink-600 hover:to-pink-700 text-white font-bold text-lg shadow-lg hover:shadow-xl shadow-pink-500/30 hover:shadow-pink-500/40 transform hover:-translate-y-1 transition-all duration-300 flex items-center justify-center gap-2"
      >
        Become a Member
      </button>
    </a>
  </div>
  <section
    class="relative xl:px-0 px-6 md:py-32 py-16 "
  >
    <img
      alt="gradient overlay"
      class="hidden md:block absolute bg-center top-0 left-0 right-0 w-full h-full z-[-10]"
      data-nimg="fill"
      decoding="async"
      sizes="100vw"
      src="/_next/image?url=%2Fimages%2Fbackgrounds%2Fgradient-overlay.png&w=3840&q=75"
      srcset="/_next/image?url=%2Fimages%2Fbackgrounds%2Fgradient-overlay.png&w=640&q=75 640w, /_next/image?url=%2Fimages%2Fbackgrounds%2Fgradient-overlay.png&w=750&q=75 750w, /_next/image?url=%2Fimages%2Fbackgrounds%2Fgradient-overlay.png&w=828&q=75 828w, /_next/image?url=%2Fimages%2Fbackgrounds%2Fgradient-overlay.png&w=1080&q=75 1080w, /_next/image?url=%2Fimages%2Fbackgrounds%2Fgradient-overlay.png&w=1200&q=75 1200w, /_next/image?url=%2Fimages%2Fbackgrounds%2Fgradient-overlay.png&w=1920&q=75 1920w, /_next/image?url=%2Fimages%2Fbackgrounds%2Fgradient-overlay.png&w=2048&q=75 2048w, /_next/image?url=%2Fimages%2Fbackgrounds%2Fgradient-overlay.png&w=3840&q=75 3840w"
      style="position: absolute; height: 100%; width: 100%; left: 0px; top: 0px; right: 0px; bottom: 0px; color: transparent;"
    />
    <img
      alt="gradient overlay mobile"
      class="block md:hidden absolute bg-center top-0 left-0 right-0 w-full h-full z-[-10]"
      data-nimg="fill"
      decoding="async"
      sizes="100vw"
      src="/_next/image?url=%2Fimages%2Fbackgrounds%2Fgradient-overlay-mobile.png&w=3840&q=75"
      srcset="/_next/image?url=%2Fimages%2Fbackgrounds%2Fgradient-overlay-mobile.png&w=640&q=75 640w, /_next/image?url=%2Fimages%2Fbackgrounds%2Fgradient-overlay-mobile.png&w=750&q=75 750w, /_next/image?url=%2Fimages%2Fbackgrounds%2Fgradient-overlay-mobile.png&w=828&q=75 828w, /_next/image?url=%2Fimages%2Fbackgrounds%2Fgradient-overlay-mobile.png&w=1080&q=75 1080w, /_next/image?url=%2Fimages%2Fbackgrounds%2Fgradient-overlay-mobile.png&w=1200&q=75 1200w, /_next/image?url=%2Fimages%2Fbackgrounds%2Fgradient-overlay-mobile.png&w=1920&q=75 1920w, /_next/image?url=%2Fimages%2Fbackgrounds%2Fgradient-overlay-mobile.png&w=2048&q=75 2048w, /_next/image?url=%2Fimages%2Fbackgrounds%2Fgradient-overlay-mobile.png&w=3840&q=75 3840w"
      style="position: absolute; height: 100%; width: 100%; left: 0px; top: 0px; right: 0px; bottom: 0px; color: transparent;"
    />
    <div
      class="max-w-[832px] w-full mx-auto md:py-0 py-8 flex justify-center items-center flex-col text-center bg-transparent rounded-3xl md:backdrop-blur-0 backdrop-blur-12"
    >
      <img
        alt="message icon"
        class="!mb-0"
        data-nimg="1"
        decoding="async"
        height="120"
        loading="lazy"
        src="/images/icons/message.svg"
        style="color: transparent;"
        width="120"
      />
      <p
        class="text-white text-4xl md:text-5xl leading-[122.222%] md:leading-[116.667%] font-normal mt-8 mb-6"
      >
        Speak to our team today
      </p>
      <span
        class="text-gray-300 text-base leading-6"
      >
        Ready to get involved? Fill out our membership form and take the first step in shaping the future of Adoptium.
      </span>
      <a
        href="/join"
      >
        <button
          class="bg-transparent mt-10 border-2 border-pink-500/0 text-white text-base leading-6 font-bold w-[191px] h-[48px] rounded-2xl gradient-border"
        >
          Contact Us
        </button>
      </a>
    </div>
  </section>
</div>
`;
