// Vitest Snapshot v1, https://vitest.dev/guide/snapshot.html

exports[`SitemapClient > renders correctly 1`] = `
<div>
  <div
    class="min-h-screen bg-purple"
  >
    <div
      class="container mx-auto px-4 py-8"
    >
      <div
        class="max-w-2xl mx-auto mb-8"
      >
        <div
          class="relative"
        >
          <svg
            class="absolute left-4 top-1/2 transform -translate-y-1/2 text-gray-400"
            fill="currentColor"
            height="1em"
            stroke="currentColor"
            stroke-width="0"
            viewBox="0 0 512 512"
            width="1em"
            xmlns="http://www.w3.org/2000/svg"
          >
            <path
              d="M505 442.7L405.3 343c-4.5-4.5-10.6-7-17-7H372c27.6-35.3 44-79.7 44-128C416 93.1 322.9 0 208 0S0 93.1 0 208s93.1 208 208 208c48.3 0 92.7-16.4 128-44v16.3c0 6.4 2.5 12.5 7 17l99.7 99.7c9.4 9.4 24.6 9.4 33.9 0l28.3-28.3c9.4-9.4 9.4-24.6.1-34zM208 336c-70.7 0-128-57.2-128-128 0-70.7 57.2-128 128-128 70.7 0 128 57.2 128 128 0 70.7-57.2 128-128 128z"
            />
          </svg>
          <input
            class="w-full pl-12 pr-4 py-3 bg-gray-800 border border-gray-600 rounded-lg text-white placeholder-gray-400 focus:outline-none focus:ring-2 focus:ring-rose-500 focus:border-transparent"
            placeholder="Search pages..."
            type="text"
            value=""
          />
        </div>
      </div>
      <div
        class="max-w-6xl mx-auto space-y-6"
      >
        <div
          class="bg-gray-800/50 backdrop-blur-sm rounded-lg border border-gray-700 overflow-hidden"
        >
          <button
            class="w-full px-6 py-4 text-left hover:bg-gray-700/50 transition-colors duration-200 flex items-center justify-between"
          >
            <div
              class="flex items-center gap-4"
            >
              <svg
                class="text-2xl text-rose-500"
                fill="currentColor"
                height="1em"
                stroke="currentColor"
                stroke-width="0"
                viewBox="0 0 576 512"
                width="1em"
                xmlns="http://www.w3.org/2000/svg"
              >
                <path
                  d="M280.37 148.26L96 300.11V464a16 16 0 0 0 16 16l112.06-.29a16 16 0 0 0 15.92-16V368a16 16 0 0 1 16-16h64a16 16 0 0 1 16 16v95.64a16 16 0 0 0 16 16.05L464 480a16 16 0 0 0 16-16V300L295.67 148.26a12.19 12.19 0 0 0-15.3 0zM571.6 251.47L488 182.56V44.05a12 12 0 0 0-12-12h-56a12 12 0 0 0-12 12v72.61L318.47 43a48 48 0 0 0-61 0L4.34 251.47a12 12 0 0 0-1.6 16.9l25.5 31A12 12 0 0 0 45.15 301l235.22-193.74a12.19 12.19 0 0 1 15.3 0L530.9 301a12 12 0 0 0 16.9-1.6l25.5-31a12 12 0 0 0-1.7-16.93z"
                />
              </svg>
              <div>
                <h2
                  class="text-xl font-semibold text-white"
                >
                  Top-level
                </h2>
                <p
                  class="text-sm text-gray-400 mt-1"
                >
                  Main pages and navigation
                </p>
              </div>
            </div>
            <svg
              class="text-gray-400"
              fill="currentColor"
              height="1em"
              stroke="currentColor"
              stroke-width="0"
              viewBox="0 0 320 512"
              width="1em"
              xmlns="http://www.w3.org/2000/svg"
            >
              <path
                d="M285.476 272.971L91.132 467.314c-9.373 9.373-24.569 9.373-33.941 0l-22.667-22.667c-9.357-9.357-9.375-24.522-.04-33.901L188.505 256 34.484 101.255c-9.335-9.379-9.317-24.544.04-33.901l22.667-22.667c9.373-9.373 24.569-9.373 33.941 0L285.475 239.03c9.373 9.372 9.373 24.568.001 33.941z"
              />
            </svg>
          </button>
        </div>
        <div
          class="bg-gray-800/50 backdrop-blur-sm rounded-lg border border-gray-700 overflow-hidden"
        >
          <button
            class="w-full px-6 py-4 text-left hover:bg-gray-700/50 transition-colors duration-200 flex items-center justify-between"
          >
            <div
              class="flex items-center gap-4"
            >
              <svg
                class="text-2xl text-rose-500"
                fill="currentColor"
                height="1em"
                stroke="currentColor"
                stroke-width="0"
                viewBox="0 0 576 512"
                width="1em"
                xmlns="http://www.w3.org/2000/svg"
              >
                <path
                  d="M552 64H88c-13.255 0-24 10.745-24 24v8H24c-13.255 0-24 10.745-24 24v272c0 30.928 25.072 56 56 56h472c26.51 0 48-21.49 48-48V88c0-13.255-10.745-24-24-24zM56 400a8 8 0 0 1-8-8V144h16v248a8 8 0 0 1-8 8zm236-16H140c-6.627 0-12-5.373-12-12v-8c0-6.627 5.373-12 12-12h152c6.627 0 12 5.373 12 12v8c0 6.627-5.373 12-12 12zm208 0H348c-6.627 0-12-5.373-12-12v-8c0-6.627 5.373-12 12-12h152c6.627 0 12 5.373 12 12v8c0 6.627-5.373 12-12 12zm-208-96H140c-6.627 0-12-5.373-12-12v-8c0-6.627 5.373-12 12-12h152c6.627 0 12 5.373 12 12v8c0 6.627-5.373 12-12 12zm208 0H348c-6.627 0-12-5.373-12-12v-8c0-6.627 5.373-12 12-12h152c6.627 0 12 5.373 12 12v8c0 6.627-5.373 12-12 12zm0-96H140c-6.627 0-12-5.373-12-12v-40c0-6.627 5.373-12 12-12h360c6.627 0 12 5.373 12 12v40c0 6.627-5.373 12-12 12z"
                />
              </svg>
              <div>
                <h2
                  class="text-xl font-semibold text-white"
                >
                  Latest News
                </h2>
                <p
                  class="text-sm text-gray-400 mt-1"
                >
                  Recent blog posts and announcements
                </p>
              </div>
            </div>
            <svg
              class="text-gray-400"
              fill="currentColor"
              height="1em"
              stroke="currentColor"
              stroke-width="0"
              viewBox="0 0 320 512"
              width="1em"
              xmlns="http://www.w3.org/2000/svg"
            >
              <path
                d="M285.476 272.971L91.132 467.314c-9.373 9.373-24.569 9.373-33.941 0l-22.667-22.667c-9.357-9.357-9.375-24.522-.04-33.901L188.505 256 34.484 101.255c-9.335-9.379-9.317-24.544.04-33.901l22.667-22.667c9.373-9.373 24.569-9.373 33.941 0L285.475 239.03c9.373 9.372 9.373 24.568.001 33.941z"
              />
            </svg>
          </button>
        </div>
      </div>
    </div>
  </div>
</div>
`;
