// Vitest Snapshot v1, https://vitest.dev/guide/snapshot.html

exports[`ChecksumModal component > ChecksumModal renders correctly 1`] = `
<div
  aria-hidden="true"
/>
`;
