// Vitest Snapshot v1, https://vitest.dev/guide/snapshot.html

exports[`CommonButton component > should render correctly 1`] = `
<div>
  <button
    class="bg-transparent mt-10 border-2 border-pink-500/0 text-white text-base  leading-6 font-normal w-[146px] h-[48px] rounded-[80px] gradient-border test"
  >
    test
    test
  </button>
</div>
`;
