// Vitest Snapshot v1, https://vitest.dev/guide/snapshot.html

exports[`Author component > does not render without a username 1`] = `<div />`;

exports[`Author component > renders correctly 1`] = `
<div>
  <a
    aria-label="test-author"
    href="https://github.com/test-author"
    rel="noopener noreferrer"
    target="_blank"
  >
    <img
      alt="test-author"
      class="rounded-full border-solid border-4 border-purple mb-6"
      data-nimg="1"
      decoding="async"
      height="60"
      loading="lazy"
      src="/_next/image?url=https%3A%2F%2Fgithub.com%2Ftest-author.png%3Fsize%3D60&w=128&q=75"
      srcset="/_next/image?url=https%3A%2F%2Fgithub.com%2Ftest-author.png%3Fsize%3D60&w=64&q=75 1x, /_next/image?url=https%3A%2F%2Fgithub.com%2Ftest-author.png%3Fsize%3D60&w=128&q=75 2x"
      style="color: transparent;"
      width="60"
    />
  </a>
</div>
`;
